// Jest Snapshot v1, https://goo.gl/fbAQLP

exports[`radio basic demo demo should render correctly 1`] = `
<main>
  <wx-view>
    <t-radio
      class="basic-radio"
      name="radio1"
      title="单行标题"
    />
    <t-radio
      name="radio2"
      title="双行标题，长文本自动换行，该选项的描述是一段很长的内容"
    />
  </wx-view>
</main>
`;
