// Jest Snapshot v1, https://goo.gl/fbAQLP

exports[`radio with group radio :base 1`] = `
<main>
  <t-radio-group
    class="group"
  >
    <wx-view
      class="t-radio-group t-class"
    >
      <t-radio
        class="a"
      >
        <wx-view
          class="t-radio t-class t-radio--left"
        >
          <wx-view
            class="t-radio__icon t-radio__icon--left t-class-icon"
            data-target="icon"
            bind:tap="handleTap"
          >
            <t-icon
              class="t-radio__btn  "
            >
              <wx-label
                class="t-class t-icon t-icon-circle t-icon-base"
                style=";;"
                bind:tap="onTap"
              />
            </t-icon>
          </wx-view>
          <wx-view
            class="t-radio__content "
            data-target="text"
            bind:tap="handleTap"
          >
            <wx-view
              class="t-radio__title t-class-label"
              style="-webkit-line-clamp:3"
            >
              
      
      
            </wx-view>
            <wx-view
              class="t-radio__description t-class-content "
              style="-webkit-line-clamp:5"
            >
              
      
    
            </wx-view>
          </wx-view>
          <wx-view
            class="t-radio__border t-radio__border--left t-class-border"
          />
        </wx-view>
      </t-radio>
    </wx-view>
  </t-radio-group>
</main>
`;
