// Jest Snapshot v1, https://goo.gl/fbAQLP

exports[`radio group demo demo should render correctly 1`] = `
<main>
  <t-radio-group
    class="radio-group"
    value=""
    bind:change="onChange"
  />
</main>
`;
