// Jest Snapshot v1, https://goo.gl/fbAQLP

exports[`Indexes Indexes display demo works fine 1`] = `
<display>
  <t-indexes
    height="{{null}}"
    id="bar"
    list="{{
      Array [
        Object {
          "children": Array [
            Object {
              "title": "阿坝",
            },
            Object {
              "title": "阿拉善",
            },
            Object {
              "title": "阿里",
            },
            Object {
              "title": "安康",
            },
            Object {
              "title": "安庆",
            },
            Object {
              "title": "鞍山",
            },
            Object {
              "title": "安顺",
            },
            Object {
              "title": "安阳",
            },
            Object {
              "title": "澳门",
            },
          ],
          "index": "A",
          "title": "A开头",
        },
        Object {
          "children": Array [
            Object {
              "title": "北京",
            },
            Object {
              "title": "白银",
            },
            Object {
              "title": "保定",
            },
            Object {
              "title": "宝鸡",
            },
            Object {
              "title": "保山",
            },
            Object {
              "title": "包头",
            },
            Object {
              "title": "巴中",
            },
            Object {
              "title": "北海",
            },
            Object {
              "title": "蚌埠",
            },
            Object {
              "title": "本溪",
            },
            Object {
              "title": "毕节",
            },
            Object {
              "title": "滨州",
            },
            Object {
              "title": "百色",
            },
            Object {
              "title": "亳州",
            },
          ],
          "index": "B",
          "title": "B开头",
        },
        Object {
          "children": Array [
            Object {
              "title": "重庆",
            },
            Object {
              "title": "成都",
            },
            Object {
              "title": "长沙",
            },
            Object {
              "title": "长春",
            },
            Object {
              "title": "沧州",
            },
            Object {
              "title": "常德",
            },
            Object {
              "title": "昌都",
            },
            Object {
              "title": "长治",
            },
            Object {
              "title": "常州",
            },
            Object {
              "title": "巢湖",
            },
            Object {
              "title": "潮州",
            },
            Object {
              "title": "承德",
            },
            Object {
              "title": "郴州",
            },
            Object {
              "title": "赤峰",
            },
            Object {
              "title": "池州",
            },
            Object {
              "title": "崇左",
            },
            Object {
              "title": "楚雄",
            },
            Object {
              "title": "滁州",
            },
            Object {
              "title": "朝阳",
            },
          ],
          "index": "C",
          "title": "C开头",
        },
        Object {
          "children": Array [
            Object {
              "title": "大连",
            },
            Object {
              "title": "东莞",
            },
            Object {
              "title": "大理",
            },
            Object {
              "title": "丹东",
            },
            Object {
              "title": "大庆",
            },
            Object {
              "title": "大同",
            },
            Object {
              "title": "大兴安岭",
            },
            Object {
              "title": "德宏",
            },
            Object {
              "title": "德阳",
            },
            Object {
              "title": "德州",
            },
            Object {
              "title": "定西",
            },
            Object {
              "title": "迪庆",
            },
            Object {
              "title": "东营",
            },
          ],
          "index": "D",
          "title": "D开头",
        },
        Object {
          "children": Array [
            Object {
              "title": "鄂尔多斯",
            },
            Object {
              "title": "恩施",
            },
            Object {
              "title": "鄂州",
            },
          ],
          "index": "E",
          "title": "E开头",
        },
        Object {
          "children": Array [
            Object {
              "title": "福州",
            },
            Object {
              "title": "防城港",
            },
            Object {
              "title": "佛山",
            },
            Object {
              "title": "抚顺",
            },
            Object {
              "title": "抚州",
            },
            Object {
              "title": "阜新",
            },
            Object {
              "title": "阜阳",
            },
          ],
          "index": "F",
          "title": "F开头",
        },
        Object {
          "children": Array [
            Object {
              "title": "广州",
            },
            Object {
              "title": "桂林",
            },
            Object {
              "title": "贵阳",
            },
            Object {
              "title": "甘南",
            },
            Object {
              "title": "赣州",
            },
            Object {
              "title": "甘孜",
            },
            Object {
              "title": "广安",
            },
            Object {
              "title": "广元",
            },
            Object {
              "title": "贵港",
            },
            Object {
              "title": "果洛",
            },
          ],
          "index": "G",
          "title": "G开头",
        },
      ]
    }}"
    bind:select="onSelect"
  />
</display>
`;
