// Jest Snapshot v1, https://goo.gl/fbAQLP

exports[`Cell Cell base demo works fine 1`] = `
<base>
  <wx-view
    class="demo-section__wrapper"
  >
    <t-cell
      hover="{{true}}"
      title="单行标题"
    />
    <t-cell
      required="{{true}}"
      title="单行标题"
    />
    <t-cell
      hover="{{true}}"
      note="辅助信息"
      title="单行标题"
    />
    <t-cell
      arrow="{{true}}"
      hover="{{true}}"
      title="单行标题"
    />
    <t-cell
      arrow="{{true}}"
      hover="{{true}}"
      note="辅助信息"
      title="单行标题"
    />
    <t-cell
      arrow="{{true}}"
      hover="{{true}}"
      title="单行标题"
    >
      <t-badge
        count="{{16}}"
        slot="note"
      />
    </t-cell>
    <t-cell
      title="单行标题"
    >
      <t-switch
        defaultValue="{{false}}"
        slot="note"
      />
    </t-cell>
    <t-cell
      hover="{{true}}"
      title="单行标题"
    >
      <t-icon
        name="app"
        slot="left-icon"
      />
    </t-cell>
  </wx-view>
</base>
`;

exports[`Cell Cell multiple demo works fine 1`] = `
<multiple>
  <wx-view
    class="demo-section__wrapper"
  >
    <t-cell
      description="一段很长很长的内容文字"
      title="多行标题"
    />
    <t-cell
      arrow="{{true}}"
      description="说明文字"
      note="辅助信息"
      tClassLeft="t-class-left"
      title="多行带图标"
    >
      <t-icon
        name="app"
        slot="left-icon"
      />
    </t-cell>
    <t-cell
      arrow="{{true}}"
      description="一段很长很长很长的内容文字"
      title="多行带头像"
    >
      <wx-view
        class="avatar"
        slot="left-icon"
      >
        <wx-open-data
          type="userAvatarUrl"
        />
      </wx-view>
    </t-cell>
    <t-cell
      align="top"
      description="一段很长很长的内容文字"
      image="xxx.svg"
      title="多行带图片"
    />
    <t-cell
      description="一段很长很长的内容文字，长文本自动换行，该选项的描述是一段很长的内容"
      title="多行标题"
    />
    <t-cell
      bordered="{{false}}"
      description="一段很长很长的内容文字，长文本自动换行，该选项的描述是一段很长的内容"
      title="多行标题，高度不定，长文本自动换行，该选项的描述是一段很长的内容"
    />
  </wx-view>
</multiple>
`;
