// Jest Snapshot v1, https://goo.gl/fbAQLP

exports[`search :base 1`] = `
<main>
  <t-search>
    <wx-view
      class="t-search t-class"
    >
      <wx-view
        class="t-search__input-box t-not-focused t-search__input-box-- t-search__input-box--square t-class-input-container"
      >
        <t-icon
          class="t-icon t-class-left"
        >
          <wx-label
            class="t-class t-icon t-icon-search t-icon-base"
            style=";font-size:20px;"
            bind:tap="onTap"
          />
        </t-icon>
        <wx-input
          class="t-input__keyword t-class-input"
          confirmType="search"
          disabled="{{false}}"
          focus="{{false}}"
          name="input"
          placeholder=""
          placeholderClass="t-search__placeholder t-search__placeholder--normal"
          type="text"
          value=""
          bind:blur="onBlur"
          bind:confirm="onConfirm"
          bind:focus="onFocus"
          bind:input="onInput"
        />
      </wx-view>
    </wx-view>
  </t-search>
</main>
`;
