// Jest Snapshot v1, https://goo.gl/fbAQLP

exports[`CountDown CountDown base demo works fine 1`] = `
<base>
  <wx-view
    class="flex base-time"
  >
    <t-count-down
      tClass="base-time-cls"
      time="{{5760000}}"
    />
    <wx-view
      class="base-time-text"
    >
       时分秒 
    </wx-view>
  </wx-view>
  <wx-view
    class="flex base-time"
  >
    <t-count-down
      format="HH:mm:ss:SSS"
      millisecond="{{true}}"
      tClass="base-time-cls"
      time="{{5760000}}"
    />
    <wx-view
      class="base-time-text"
    >
       带毫秒 
    </wx-view>
  </wx-view>
  <wx-view
    class="flex base-time"
  >
    <t-count-down
      content="default"
      theme="square"
      time="{{5760000}}"
    />
    <wx-view
      class="base-time-text"
    >
       带方形底 
    </wx-view>
  </wx-view>
  <wx-view
    class="flex base-time"
  >
    <t-count-down
      content="default"
      theme="round"
      time="{{5760000}}"
    />
    <wx-view
      class="base-time-text"
    >
       带圆形底 
    </wx-view>
  </wx-view>
  <wx-view
    class="flex base-time"
  >
    <t-count-down
      content="default"
      splitWithUnit="{{true}}"
      theme="round"
      time="{{5760000}}"
    />
    <wx-view
      class="base-time-text"
    >
       带单位 
    </wx-view>
  </wx-view>
  <wx-view
    class="flex base-time"
  >
    <t-count-down
      content="default"
      splitWithUnit="{{true}}"
      theme="highlight"
      time="{{5760000}}"
    />
    <wx-view
      class="base-time-text"
    >
       无底色带单位 
    </wx-view>
  </wx-view>
</base>
`;

exports[`CountDown CountDown sizeCountDown demo works fine 1`] = `
<sizeCountDown>
  <wx-view
    class="flex spec-item"
  >
    <wx-view
      class="spec-item-left"
    >
      <t-count-down
        content="default"
        theme="square"
        time="{{5760000}}"
      />
    </wx-view>
    <wx-view
      class="spec-item-right"
    >
      <t-count-down
        time="{{5760000}}"
      />
    </wx-view>
    <wx-view
      class="spec-item-after"
    >
       S 
    </wx-view>
  </wx-view>
  <wx-view
    class="flex spec-item"
  >
    <wx-view
      class="spec-item-left"
    >
      <t-count-down
        content="default"
        size="middle"
        theme="square"
        time="{{5760000}}"
      />
    </wx-view>
    <wx-view
      class="spec-item-right"
    >
      <t-count-down
        size="middle"
        time="{{5760000}}"
      />
    </wx-view>
    <wx-view
      class="spec-item-after"
    >
       M 
    </wx-view>
  </wx-view>
  <wx-view
    class="flex spec-item last-padding"
  >
    <wx-view
      class="spec-item-left"
    >
      <t-count-down
        content="default"
        size="large"
        theme="square"
        time="{{5760000}}"
      />
    </wx-view>
    <wx-view
      class="spec-item-right"
    >
      <t-count-down
        size="large"
        time="{{5760000}}"
      />
    </wx-view>
    <wx-view
      class="spec-item-after"
    >
       L 
    </wx-view>
  </wx-view>
</sizeCountDown>
`;
